


ARM Macro Assembler    Page 1 


    1 00000000 00001000 
                       Stack_Size
                               EQU              0x00001000  ; 8KB of STACK
    2 00000000         
    3 00000000                 AREA             STACK, NOINIT, READWRITE, ALIGN
=4
    4 00000000         Stack_Mem
                               SPACE            Stack_Size
    5 00001000         __initial_sp
    6 00001000         
    7 00001000         
    8 00001000 00001000 
                       Heap_Size
                               EQU              0x00001000  ; 8KB of HEAP
    9 00001000         
   10 00001000                 AREA             HEAP, NOINIT, READWRITE, ALIGN=
4
   11 00000000         __heap_base
   12 00000000         Heap_Mem
                               SPACE            Heap_Size
   13 00001000         __heap_limit
   14 00001000         
   15 00001000                 PRESERVE8
   16 00001000                 THUMB
   17 00001000         
   18 00001000                 AREA             RESET, DATA, READONLY ; First 3
                                                            2 WORDS is VECTOR T
                                                            ABLE
   19 00000000                 EXPORT           __Vectors
   20 00000000         
   21 00000000         __Vectors
   22 00000000 0000FFFC        DCD              0x0000FFFC  ; 64K Internal Memo
                                                            ry
   23 00000004 00000000        DCD              Reset_Handler
   24 00000008 00000000        DCD              0
   25 0000000C 00000000        DCD              0
   26 00000010 00000000        DCD              0
   27 00000014 00000000        DCD              0
   28 00000018 00000000        DCD              0
   29 0000001C 00000000        DCD              0
   30 00000020 00000000        DCD              0
   31 00000024 00000000        DCD              0
   32 00000028 00000000        DCD              0
   33 0000002C 00000000        DCD              0
   34 00000030 00000000        DCD              0
   35 00000034 00000000        DCD              0
   36 00000038 00000000        DCD              0
   37 0000003C 00000000        DCD              0
   38 00000040         
   39 00000040         ; External Interrupts
   40 00000040         
   41 00000040 00000000        DCD              Key_Handler
   42 00000044 00000000        DCD              Timer_Handler
   43 00000048 00000000        DCD              0
   44 0000004C 00000000        DCD              0
   45 00000050 00000000        DCD              0
   46 00000054 00000000        DCD              0
   47 00000058 00000000        DCD              0
   48 0000005C 00000000        DCD              0



ARM Macro Assembler    Page 2 


   49 00000060 00000000        DCD              0
   50 00000064 00000000        DCD              0
   51 00000068 00000000        DCD              0
   52 0000006C 00000000        DCD              0
   53 00000070 00000000        DCD              0
   54 00000074 00000000        DCD              0
   55 00000078 00000000        DCD              0
   56 0000007C 00000000        DCD              0
   57 00000080         
   58 00000080                 AREA             |.text|, CODE, READONLY
   59 00000000         ;Reset Handler
   60 00000000         Reset_Handler
                               PROC
   61 00000000                 GLOBAL           Reset_Handler
   62 00000000                 ENTRY
   63 00000000                 IMPORT           __main
   64 00000000 4807            LDR              R0, =__main
   65 00000002 4700            BX               R0          ;Branch to __main
   66 00000004                 ENDP
   67 00000004         
   68 00000004         Key_Handler
                               PROC
   69 00000004                 EXPORT           Key_Handler
   70 00000004                 IMPORT           Key_ISR
   71 00000004 B50F            PUSH             {R0, R1, R2, R3, LR}
   72 00000006 F7FF FFFE       BL               Key_ISR
   73 0000000A BD0F            POP              {R0, R1, R2, R3, PC} ;return
   74 0000000C                 ENDP
   75 0000000C         Timer_Handler
                               PROC
   76 0000000C                 EXPORT           Timer_Handler
   77 0000000C                 IMPORT           Timer_ISR
   78 0000000C B50F            PUSH             {R0, R1, R2, R3, LR}
   79 0000000E F7FF FFFE       BL               Timer_ISR
   80 00000012 BD0F            POP              {R0, R1, R2, R3, PC} ;return
   81 00000014                 ENDP
   82 00000014         
   83 00000014                 ALIGN            4
   84 00000014         ; User Initial Stack & Heap
   85 00000014                 IF               :DEF:__MICROLIB
   90 00000014                 IMPORT           __use_two_region_memory
   91 00000014                 EXPORT           __user_initial_stackheap
   92 00000014         __user_initial_stackheap
   93 00000014         
   94 00000014 4803            LDR              R0, =  Heap_Mem
   95 00000016 4904            LDR              R1, =(Stack_Mem + Stack_Size)
   96 00000018 4A04            LDR              R2, = (Heap_Mem +  Heap_Size)
   97 0000001A 4B05            LDR              R3, = Stack_Mem
   98 0000001C 4770            BX               LR
   99 0000001E         
  100 0000001E 00 00           ALIGN
  101 00000020                 ENDIF
  102 00000020                 END
              00000000 
              00000000 
              00001000 
              00001000 
              00000000 
Command Line: --debug --xref --diag_suppress=9931 --cpu=Cortex-M0 --apcs=interw



ARM Macro Assembler    Page 3 


ork --depend=.\cm0dsasm.d -o.\cm0dsasm.o -I"C:\Users\chanh\Downloads\PROJECT_re
al\C Software\RTE\_Target_1" -IC:\Keil_v5\ARM\PACK\ARM\CMSIS\5.0.0\CMSIS\Includ
e -IC:\Keil_v5\ARM\PACK\ARM\CMSIS\5.0.0\Device\ARM\ARMCM0\Include --predefine="
__EVAL SETA 1" --predefine="__UVISION_VERSION SETA 522" --predefine="_RTE_ SETA
 1" --predefine="ARMCM0 SETA 1" --list=.\cm0dsasm.lst test\cm0dsasm.s



ARM Macro Assembler    Page 1 Alphabetic symbol ordering
Relocatable symbols

STACK 00000000

Symbol: STACK
   Definitions
      At line 3 in file test\cm0dsasm.s
   Uses
      None
Comment: STACK unused
Stack_Mem 00000000

Symbol: Stack_Mem
   Definitions
      At line 4 in file test\cm0dsasm.s
   Uses
      At line 95 in file test\cm0dsasm.s
      At line 97 in file test\cm0dsasm.s

__initial_sp 00001000

Symbol: __initial_sp
   Definitions
      At line 5 in file test\cm0dsasm.s
   Uses
      None
Comment: __initial_sp unused
3 symbols



ARM Macro Assembler    Page 1 Alphabetic symbol ordering
Relocatable symbols

HEAP 00000000

Symbol: HEAP
   Definitions
      At line 10 in file test\cm0dsasm.s
   Uses
      None
Comment: HEAP unused
Heap_Mem 00000000

Symbol: Heap_Mem
   Definitions
      At line 12 in file test\cm0dsasm.s
   Uses
      At line 94 in file test\cm0dsasm.s
      At line 96 in file test\cm0dsasm.s

__heap_base 00000000

Symbol: __heap_base
   Definitions
      At line 11 in file test\cm0dsasm.s
   Uses
      None
Comment: __heap_base unused
__heap_limit 00001000

Symbol: __heap_limit
   Definitions
      At line 13 in file test\cm0dsasm.s
   Uses
      None
Comment: __heap_limit unused
4 symbols



ARM Macro Assembler    Page 1 Alphabetic symbol ordering
Relocatable symbols

RESET 00000000

Symbol: RESET
   Definitions
      At line 18 in file test\cm0dsasm.s
   Uses
      None
Comment: RESET unused
__Vectors 00000000

Symbol: __Vectors
   Definitions
      At line 21 in file test\cm0dsasm.s
   Uses
      At line 19 in file test\cm0dsasm.s
Comment: __Vectors used once
2 symbols



ARM Macro Assembler    Page 1 Alphabetic symbol ordering
Relocatable symbols

.text 00000000

Symbol: .text
   Definitions
      At line 58 in file test\cm0dsasm.s
   Uses
      None
Comment: .text unused
Key_Handler 00000004

Symbol: Key_Handler
   Definitions
      At line 68 in file test\cm0dsasm.s
   Uses
      At line 41 in file test\cm0dsasm.s
      At line 69 in file test\cm0dsasm.s

Reset_Handler 00000000

Symbol: Reset_Handler
   Definitions
      At line 60 in file test\cm0dsasm.s
   Uses
      At line 23 in file test\cm0dsasm.s
      At line 61 in file test\cm0dsasm.s

Timer_Handler 0000000C

Symbol: Timer_Handler
   Definitions
      At line 75 in file test\cm0dsasm.s
   Uses
      At line 42 in file test\cm0dsasm.s
      At line 76 in file test\cm0dsasm.s

__user_initial_stackheap 00000014

Symbol: __user_initial_stackheap
   Definitions
      At line 92 in file test\cm0dsasm.s
   Uses
      At line 91 in file test\cm0dsasm.s
Comment: __user_initial_stackheap used once
5 symbols



ARM Macro Assembler    Page 1 Alphabetic symbol ordering
Absolute symbols

Heap_Size 00001000

Symbol: Heap_Size
   Definitions
      At line 8 in file test\cm0dsasm.s
   Uses
      At line 12 in file test\cm0dsasm.s
      At line 96 in file test\cm0dsasm.s

Stack_Size 00001000

Symbol: Stack_Size
   Definitions
      At line 1 in file test\cm0dsasm.s
   Uses
      At line 4 in file test\cm0dsasm.s
      At line 95 in file test\cm0dsasm.s

2 symbols



ARM Macro Assembler    Page 1 Alphabetic symbol ordering
External symbols

Key_ISR 00000000

Symbol: Key_ISR
   Definitions
      At line 70 in file test\cm0dsasm.s
   Uses
      At line 72 in file test\cm0dsasm.s
Comment: Key_ISR used once
Timer_ISR 00000000

Symbol: Timer_ISR
   Definitions
      At line 77 in file test\cm0dsasm.s
   Uses
      At line 79 in file test\cm0dsasm.s
Comment: Timer_ISR used once
__main 00000000

Symbol: __main
   Definitions
      At line 63 in file test\cm0dsasm.s
   Uses
      At line 64 in file test\cm0dsasm.s
Comment: __main used once
__use_two_region_memory 00000000

Symbol: __use_two_region_memory
   Definitions
      At line 90 in file test\cm0dsasm.s
   Uses
      None
Comment: __use_two_region_memory unused
4 symbols
358 symbols in table
