<html>
<body>
<pre>
<h1>µVision Build Log</h1>
<h2>Tool Versions:</h2>
IDE-Version: •ÏVision V5.22.0.0
Copyright (C) 2016 ARM Ltd and ARM Germany GmbH. All rights reserved.
License Information: park chanhyeok, no, LIC=----
 
Tool Versions:
Toolchain:       MDK-Lite  Version: 5.22
Toolchain Path:  C:\Keil_v5\ARM\ARMCC\Bin
C Compiler:      Armcc.exe V5.06 update 4 (build 422)
Assembler:       Armasm.exe V5.06 update 4 (build 422)
Linker/Locator:  ArmLink.exe V5.06 update 4 (build 422)
Library Manager: ArmAr.exe V5.06 update 4 (build 422)
Hex Converter:   FromElf.exe V5.06 update 4 (build 422)
CPU DLL:         SARMCM3.DLL V5.22
Dialog DLL:      DARMCM1.DLL V1.15.0.0
Target DLL:      UL2CM3.DLL V1.159.0.0
Dialog DLL:      TARMCM1.DLL V1.11.0.0
 
<h2>Project:</h2>
C:\Users\chanh\Downloads\PROJECT_real\C Software\code.uvprojx
Project File Date:  12/23/2024

<h2>Output:</h2>
*** Using Compiler 'V5.06 update 4 (build 422)', folder: 'C:\Keil_v5\ARM\ARMCC\Bin'
Build target 'Target 1'
compiling main.c...
test\./segments.h(25): warning:  #1-D: last line of file ends without a newline
  #endif 
test\./ALS_data.h(18): warning:  #1-D: last line of file ends without a newline
  #endif 
test\./MOTOR_ctrl.h(18): warning:  #1-D: last line of file ends without a newline
  #endif 
test\main.c(147): warning:  #1-D: last line of file ends without a newline
  }
test\main.c: 4 warnings, 0 errors
linking...
Program Size: Code=652 RO-data=144 RW-data=40 ZI-data=8300  
FromELF: creating hex file...
After Build - User command #1: fromelf -cvf code.axf --vhx --32x1 -o code.hex
After Build - User command #2: fromelf -cvf code.axf -o disasm.txt
".\code.axf" - 0 Error(s), 4 Warning(s).

<h2>Software Packages used:</h2>

Package Vendor: ARM
                http://www.keil.com/pack/ARM.CMSIS.5.0.0.pack
                ARM::CMSIS:CORE:5.0.0
                CMSIS (Cortex Microcontroller Software Interface Standard)
   * Component: CORE Version: 5.0.0

<h2>Collection of Component include folders:</h2>
  C:\Users\chanh\Downloads\PROJECT_real\C Software\RTE\_Target_1
  C:\Keil_v5\ARM\PACK\ARM\CMSIS\5.0.0\CMSIS\Include
  C:\Keil_v5\ARM\PACK\ARM\CMSIS\5.0.0\Device\ARM\ARMCM0\Include

<h2>Collection of Component Files used:</h2>

   * Component: ARM::CMSIS:CORE:5.0.0
Build Time Elapsed:  00:00:00
</pre>
</body>
</html>
